ERROR - 2026-06-08 02:59:20 --> Error connecting to the database: mysqli_sql_exception: No connection could be made because the target machine actively refused it in F:\ALL\laragon\www\lab11_php_ci\ci4\system\Database\MySQLi\Connection.php:201
Stack trace:
#0 F:\ALL\laragon\www\lab11_php_ci\ci4\system\Database\MySQLi\Connection.php(201): mysqli->real_connect('localhost', 'root', Object(SensitiveParameterValue), 'lab_ci4', 3306, '', 0)
#1 F:\ALL\laragon\www\lab11_php_ci\ci4\system\Database\BaseConnection.php(419): CodeIgniter\Database\MySQLi\Connection->connect(false)
#2 F:\ALL\laragon\www\lab11_php_ci\ci4\system\Database\BaseConnection.php(654): CodeIgniter\Database\BaseConnection->initialize()
#3 F:\ALL\laragon\www\lab11_php_ci\ci4\system\Database\BaseBuilder.php(1649): CodeIgniter\Database\BaseConnection->query('SELECT *\nFROM `...', Array, false)
#4 F:\ALL\laragon\www\lab11_php_ci\ci4\system\Model.php(254): CodeIgniter\Database\BaseBuilder->get()
#5 F:\ALL\laragon\www\lab11_php_ci\ci4\system\BaseModel.php(675): CodeIgniter\Model->doFindAll(0, 0)
#6 F:\ALL\laragon\www\lab11_php_ci\ci4\app\Controllers\Artikel.php(13): CodeIgniter\BaseModel->findAll()
#7 F:\ALL\laragon\www\lab11_php_ci\ci4\system\CodeIgniter.php(951): App\Controllers\Artikel->index()
#8 F:\ALL\laragon\www\lab11_php_ci\ci4\system\CodeIgniter.php(497): CodeIgniter\CodeIgniter->runController(Object(App\Controllers\Artikel))
#9 F:\ALL\laragon\www\lab11_php_ci\ci4\system\CodeIgniter.php(340): CodeIgniter\CodeIgniter->handleRequest(NULL, Object(Config\Cache), false)
#10 F:\ALL\laragon\www\lab11_php_ci\ci4\system\Boot.php(417): CodeIgniter\CodeIgniter->run()
#11 F:\ALL\laragon\www\lab11_php_ci\ci4\system\Boot.php(68): CodeIgniter\Boot::runCodeIgniter(Object(CodeIgniter\CodeIgniter))
#12 F:\ALL\laragon\www\lab11_php_ci\ci4\public\index.php(59): CodeIgniter\Boot::bootWeb(Object(Config\Paths))
#13 F:\ALL\laragon\www\lab11_php_ci\ci4\system\rewrite.php(44): require_once('F:\\ALL\\laragon\\...')
#14 {main}

Next CodeIgniter\Database\Exceptions\DatabaseException: No connection could be made because the target machine actively refused it in F:\ALL\laragon\www\lab11_php_ci\ci4\system\Database\MySQLi\Connection.php:231
Stack trace:
#0 F:\ALL\laragon\www\lab11_php_ci\ci4\system\Database\BaseConnection.php(419): CodeIgniter\Database\MySQLi\Connection->connect(false)
#1 F:\ALL\laragon\www\lab11_php_ci\ci4\system\Database\BaseConnection.php(654): CodeIgniter\Database\BaseConnection->initialize()
#2 F:\ALL\laragon\www\lab11_php_ci\ci4\system\Database\BaseBuilder.php(1649): CodeIgniter\Database\BaseConnection->query('SELECT *\nFROM `...', Array, false)
#3 F:\ALL\laragon\www\lab11_php_ci\ci4\system\Model.php(254): CodeIgniter\Database\BaseBuilder->get()
#4 F:\ALL\laragon\www\lab11_php_ci\ci4\system\BaseModel.php(675): CodeIgniter\Model->doFindAll(0, 0)
#5 F:\ALL\laragon\www\lab11_php_ci\ci4\app\Controllers\Artikel.php(13): CodeIgniter\BaseModel->findAll()
#6 F:\ALL\laragon\www\lab11_php_ci\ci4\system\CodeIgniter.php(951): App\Controllers\Artikel->index()
#7 F:\ALL\laragon\www\lab11_php_ci\ci4\system\CodeIgniter.php(497): CodeIgniter\CodeIgniter->runController(Object(App\Controllers\Artikel))
#8 F:\ALL\laragon\www\lab11_php_ci\ci4\system\CodeIgniter.php(340): CodeIgniter\CodeIgniter->handleRequest(NULL, Object(Config\Cache), false)
#9 F:\ALL\laragon\www\lab11_php_ci\ci4\system\Boot.php(417): CodeIgniter\CodeIgniter->run()
#10 F:\ALL\laragon\www\lab11_php_ci\ci4\system\Boot.php(68): CodeIgniter\Boot::runCodeIgniter(Object(CodeIgniter\CodeIgniter))
#11 F:\ALL\laragon\www\lab11_php_ci\ci4\public\index.php(59): CodeIgniter\Boot::bootWeb(Object(Config\Paths))
#12 F:\ALL\laragon\www\lab11_php_ci\ci4\system\rewrite.php(44): require_once('F:\\ALL\\laragon\\...')
#13 {main}
CRITICAL - 2026-06-08 02:59:20 --> CodeIgniter\Database\Exceptions\DatabaseException: Unable to connect to the database.
Main connection [MySQLi]: No connection could be made because the target machine actively refused it
[Method: GET, Route: artikel]
in SYSTEMPATH\Database\BaseConnection.php on line 465.
 1 SYSTEMPATH\Database\BaseConnection.php(654): CodeIgniter\Database\BaseConnection->initialize()
 2 SYSTEMPATH\Database\BaseBuilder.php(1649): CodeIgniter\Database\BaseConnection->query('SELECT *
FROM `artikel`
ORDER BY `created_at` DESC', [], false)
 3 SYSTEMPATH\Model.php(254): CodeIgniter\Database\BaseBuilder->get()
 4 SYSTEMPATH\BaseModel.php(675): CodeIgniter\Model->doFindAll(0, 0)
 5 APPPATH\Controllers\Artikel.php(13): CodeIgniter\BaseModel->findAll()
 6 SYSTEMPATH\CodeIgniter.php(951): App\Controllers\Artikel->index()
 7 SYSTEMPATH\CodeIgniter.php(497): CodeIgniter\CodeIgniter->runController(Object(App\Controllers\Artikel))
 8 SYSTEMPATH\CodeIgniter.php(340): CodeIgniter\CodeIgniter->handleRequest(null, Object(Config\Cache), false)
 9 SYSTEMPATH\Boot.php(417): CodeIgniter\CodeIgniter->run()
10 SYSTEMPATH\Boot.php(68): CodeIgniter\Boot::runCodeIgniter(Object(CodeIgniter\CodeIgniter))
11 FCPATH\index.php(59): CodeIgniter\Boot::bootWeb(Object(Config\Paths))
12 SYSTEMPATH\rewrite.php(44): require_once('F:\\ALL\\laragon\\www\\lab11_php_ci\\ci4\\public\\index.php')
